// Jest Snapshot v1, https://goo.gl/fbAQLP

exports[`should render DiagnosesForm correctly 1`] = `
<form
  className="form"
  onSubmit={[Function]}
>
  <input
    autoFocus={true}
    className="text-input"
    onChange={[Function]}
    placeholder="Diagnoses or Symptom"
    type="text"
    value=""
  />
  <input
    className="text-input"
    onChange={[Function]}
    placeholder="Medication"
    type="text"
    value=""
  />
  <input
    className="text-input"
    onChange={[Function]}
    placeholder="Time"
    type="text"
    value=""
  />
  <div>
    <button
      className="button"
    >
      Submit
    </button>
  </div>
</form>
`;
