// Jest Snapshot v1, https://goo.gl/fbAQLP

exports[`should render EditProfilePage 1`] = `
<div>
  <div
    className="page-header"
  >
    <div
      className="content-container"
    >
      <h1
        className="page-header__title"
      >
        Edit Profile
      </h1>
    </div>
  </div>
  <div
    className="content-container"
  >
    <ProfileForm
      onSubmit={[Function]}
      profile={
        Object {
          "dateOfBirth": "10/20/93",
          "emailAddress": "test@gmail.com",
          "emergencyContactName": "Parm Dhillon",
          "emergencyContactNumber": "(408) 315-0213",
          "firstName": "Douglas",
          "gender": "male",
          "lastName": "Dunn",
        }
      }
    />
  </div>
</div>
`;
