// Jest Snapshot v1, https://goo.gl/fbAQLP

exports[`should render ProfileForm correctly 1`] = `
<form
  className="form"
  onSubmit={[Function]}
>
  <input
    autoFocus={true}
    className="text-input"
    onChange={[Function]}
    placeholder="First Name"
    type="text"
    value=""
  />
  <input
    className="text-input"
    onChange={[Function]}
    placeholder="Last Name"
    type="text"
    value=""
  />
  <input
    className="text-input"
    onChange={[Function]}
    placeholder="Email Address"
    type="text"
    value=""
  />
  <input
    className="text-input"
    onChange={[Function]}
    placeholder="Date of Birth"
    type="text"
    value=""
  />
  <label>
    <input
      checked={true}
      className="radio-input"
      onChange={[Function]}
      type="radio"
      value="male"
    />
    Male
  </label>
  <label>
    <input
      checked={false}
      className="radio-input"
      onChange={[Function]}
      type="radio"
      value="female"
    />
    Female
  </label>
  <label>
    <input
      checked={false}
      className="radio-input"
      onChange={[Function]}
      type="radio"
      value="other"
    />
    Other
  </label>
  <input
    className="text-input"
    onChange={[Function]}
    placeholder="Emergency Contact Name"
    type="text"
    value=""
  />
  <input
    className="text-input"
    onChange={[Function]}
    placeholder="Emergency Contact Number"
    type="text"
    value=""
  />
  <div>
    <button
      className="button"
    >
      Submit
    </button>
  </div>
</form>
`;
